
> web@0.1.0 test:publication
> node --experimental-strip-types --test src/lib/publication.test.ts src/lib/run-selection.test.ts src/lib/betting-format.test.ts src/lib/ratings.test.ts src/lib/default-view-selection.test.ts src/lib/performance.test.ts src/lib/row-guard.test.ts src/lib/matchup-visibility.test.ts src/lib/matchup-lineage.test.ts src/lib/matchup-rating-query.test.ts src/lib/slate.test.ts src/lib/team-logos.test.ts src/lib/team-stats.test.ts src/lib/matchup-gate.test.ts src/lib/selection-overlay.test.ts src/lib/db-result.test.ts src/lib/matchup-index.test.ts src/lib/tie-sql.test.ts scripts/team-logos-lib.test.mjs src/lib/prospective-provenance.test.ts

✔ parseTeams uses CFBD logos and derives the dark variant (0.445375ms)
✔ parseTeams falls back to ESPN when logos are missing and skips bad rows (0.076167ms)
✔ parseTeams rejects a non-array response (0.103458ms)
✔ espnDarkUrl is null for non-ESPN urls (0.038167ms)
✔ assetPath, manifest and generated map are deterministic (6.240834ms)
✔ signedSpread prefixes positives and leaves negatives bare (0.449917ms)
✔ market view favors the home team on a negative line (0.341958ms)
✔ market view flips to the away team on a positive line (0.054083ms)
✔ market view handles pick'em and missing lines (0.040958ms)
✔ model view converts a home margin into a negative home line (0.049916ms)
✔ model view converts an away margin into a negative away line (0.038916ms)
✔ model view handles pick'em and missing predictions (0.0355ms)
✔ spreadLabel renders views, placeholders, and pick'em (0.519833ms)
✔ spreadEdge is model minus market and null-safe (0.06125ms)
✔ totalEdge is predicted minus market and null-safe (0.077125ms)
✔ spread bet takes the home line as-is but flips it for the away side (0.054542ms)
✔ total bet labels direction and line (0.04225ms)
✔ existsFrom reads both the Neon HTTP object shape and a bare array (0.34275ms)
✔ rowsOf tolerates null, undefined and unexpected shapes (0.324708ms)
✔ default period derives from served rows: certified cutoff keeps Post-Week label (9.805625ms)
✔ default period derives from served rows: projection-before-selection binds the older label (0.185792ms)
✔ default period derives from served rows: unknown cutoff falls back to date label (0.141375ms)
✔ default period derives from served rows: empty rows yield preseason meta (0.041583ms)
✔ default branch pairs the served label with served rows by construction (1.012ms)
✔ legacy cutoff links retain their first published source (0.104792ms)
✔ new period links include exact source and cutoff (0.353792ms)
✔ owner source resolution: empty or all-null rows yield null (fail closed) (0.047083ms)
✔ frozen backfill is pinned to the cutoff-owning source, null fails closed (0.1465ms)
✔ enabled by default across all environments (0.342958ms)
✔ can be emergency-disabled with CFB_MATCHUP_ENABLED=0 (0.0575ms)
✔ no page or component links to a team page (team pages are not ready) (5.300708ms)
✔ the root layout provides the matchup gate to client cards (0.157ms)
✔ no page or component links to the GitHub repository (the footer carries no source link) (4.2205ms)
✔ groupGamesByDay groups by Eastern calendar day in kickoff order (12.034708ms)
✔ groupGamesByDay is empty for no games and does not mutate its input (0.21475ms)
✔ pickWeek prefers a valid request, then the fallback, then the latest week (0.074833ms)
✔ matchup lineage is ready when selected forecast, ratings, and stats agree (0.371125ms)
✔ missing stat coverage is updating and does not authorize model sections (0.049792ms)
✔ mismatched publication provenance is unavailable (0.044709ms)
✔ rating provenance DISTINCT selects its ordering column and preserves pregame scope (2.814875ms)
✔ competing same-cutoff manifests cannot replace the rendered rating source (0.333208ms)
﹣ PostgreSQL selects only the rendered manifest when cutoffs tie (0.03775ms) # SKIP
✔ missing game yields no view (0.393667ms)
✔ predictions mode with a selected-run game exposes model fields (0.069667ms)
✔ market mode never exposes model fields even for a prediction game (0.058417ms)
✔ a week with no selected run (market game) stays market-only in predictions mode (0.043458ms)
✔ sportsbook sources are model-side fields: present only in predictions mode (0.054791ms)
✔ performance detail fixture contains expected summary structure and valid records (0.743375ms)
✔ win rate calculation excludes pushes from denominator (0.062541ms)
✔ accuracyRecord counts pushes but excludes them from the win rate (0.765458ms)
✔ performance fixtures carry no financial fields (0.291667ms)
✔ legacy attestation is disclosed and constrained to Week 5 (0.468875ms)
✔ normal receipt and unknown kinds (0.064583ms)
✔ publication mode defaults to market-only (0.3435ms)
✔ prediction output requires the exact opt-in value (0.050292ms)
✔ market query projects settled grades but excludes model-only columns (0.288584ms)
✔ V5 displays as Blitzkrieg without touching other system names (0.055166ms)
✔ spread lean follows home-margin versus the line (0.331125ms)
✔ total lean follows predicted total versus the line (0.069875ms)
✔ predictions query decouples market selections from main select (1.084541ms)
✔ SiteNav includes Picks, Results, Ratings, and Performance in navigation items (0.518ms)
✔ ratings page includes rank column, methodology explainer, and disambiguated empty states (0.224708ms)
✔ TeamPair shows team names as plain text, not links (team pages are not ready) (0.084959ms)
✔ slate cards link to the matchup breakdown through the gated button instead (0.153875ms)
✔ ratings timeline labels certified post-week generations and backfills early tabs from priors (0.550292ms)
✔ periodBeforeKickoff picks the latest generation at or before kickoff (4.025ms)
✔ valid rows are returned unchanged, including allowed nulls (0.6645ms)
✔ a null in a required field is a violation, never a zero (0.371ms)
✔ NaN and Infinity are rejected as numbers (0.064042ms)
✔ a missing field, an unknown enum value and a non-integer are reported (0.107625ms)
✔ rank must sit inside its cohort (0.058ms)
✔ guardRows throws a RowContractError naming the label and the first problems (0.136375ms)
✔ reports are capped but the total is exact (0.527333ms)
✔ dates must be valid Date objects (2.933958ms)
✔ prediction and performance rows allow null leans and grades but not null identities (0.114708ms)
✔ the UI-test fixtures satisfy the row contracts (CFB_UI_TEST_MODE=1 stays valid) (0.917083ms)
✔ V5 runs render only with a truthful evidence class and published state (0.332208ms)
✔ V5 runs fail closed on preview state or missing evidence (0.068583ms)
✔ legacy V4 fallback renders only as a complete published run (0.0535ms)
✔ non-V5 runs without legacy evidence never render as fallback (0.03825ms)
✔ banner gating keys on the V5 model prefix (0.049166ms)
✔ selection supplies line, side, edge and source when the prediction has a lean (0.397459ms)
✔ a null-lean prediction gets the model-vs-line lean, not the publisher's default side (0.086958ms)
✔ the derived lean uses the selected quote's line (0.052625ms)
✔ an exact tie follows the grader: away / under (0.050292ms)
✔ a null-lean row without a prediction or line stays without a lean (0.051166ms)
✔ only the null target is derived (0.045458ms)
✔ no selection keeps the prediction row (0.040125ms)
✔ edge tiers follow the spread and total thresholds (0.835417ms)
✔ edgeTone colors edge magnitudes on the same thresholds (0.079167ms)
✔ leanFor labels the pick side with a positive edge (2.221666ms)
✔ no lean when the lean or the line is missing, and for market games (0.095417ms)
✔ topLeans ranks by edge and skips finished games (0.417541ms)
✔ topLeans ranks finished games too when asked (0.099917ms)
✔ topLeansRecord tallies each week's top leans from recorded grades (0.176542ms)
✔ sortGames puts the biggest edge first and no-lean games last (0.116542ms)
✔ win rate excludes pushes and is null with no decisions (0.056667ms)
✔ coverMargin is positive when the lean side covered (0.106709ms)
✔ gradeFromMargin maps sign to win, loss and push (0.055708ms)
✔ weekRecord tallies recorded grades per bet type (0.074291ms)
✔ topResults ranks graded leans of one outcome by edge (0.108416ms)
✔ result filters and sorts (0.130083ms)
✔ leans carry the model's prediction from the pick's side (0.055208ms)
✔ breakEvenDelta is signed, bounded and comparable (0.220292ms)
✔ finalMarginText reads the result from the leaned team's side (0.084417ms)
✔ bookName maps sportsbook keys and tidies unknown providers (0.080334ms)
✔ leans carry the line's source and detail text only when known (0.073917ms)
✔ venueLabel formats City, ST and degrades gracefully (0.0375ms)
✔ unknown team has no v2 logo (0.3395ms)
✔ known teams resolve to id-keyed light/dark paths (0.053666ms)
✔ alternate spellings resolve to the same logo as the CFBD name (0.0695ms)
✔ teamInitials (0.12075ms)
✔ formatMetric formats each kind and shows a dash for missing values (0.717083ms)
✔ buildUnitRows pairs the offense with the OPPOSING defense, never the same team's (0.437458ms)
✔ buildUnitRows returns every metric and tolerates a team with no rows (0.066917ms)
✔ null rank keeps the value but shows no national rank (0.0485ms)
✔ gamesBehind and cohortSizeOf (0.084333ms)
✔ rank badge tiers (0.1195ms)
✔ buildMatchupStats is null with no rows and pairs each offense with the opposing defense (0.092959ms)
✔ metrics are grouped into three sections in display order (0.097875ms)
✔ possession metrics format and pair like the others (0.07825ms)
✔ plays per possession and non-offense points are stored but not shown on the matchup (0.070583ms)
✔ rankLabel and rankTitle show ties as T-N and unranked as a dash (0.076667ms)
✔ ties carry through to the row and an exact zero is unranked (0.067416ms)
✔ rowEdge compares the offense rank with the opposing defense rank (0.067125ms)
✔ edgeSummary counts each side and ignores rows that cannot be compared (0.074542ms)
✔ matchup reads only raw possession stats: the adjusted table is never queried (0.383875ms)
✔ rowGap is positive when the offense outranks the defense and null when either side is unranked (0.042666ms)
✔ topMismatches ranks the biggest gaps first across both panels and skips even and unranked rows (0.155167ms)
✔ topMismatches keeps display order for equal gaps and returns fewer than requested when rows are even (0.053458ms)
✔ mismatchSummary says who has the edge and by how many places; a panel can be asked on its own (0.060417ms)
✔ rankTier uses the same percentile bands as the badge classes (0.033417ms)
✔ formatMetric shows a PPA that rounds to zero without a sign (0.025333ms)
✔ hasMissingValue is true only when a row shows a dash value (0.046083ms)
✔ tie SQL for team_season_stats qualifies every outer column and excludes the row itself (0.437709ms)
✔ tie SQL for team_possession_stats qualifies every outer column and excludes the row itself (0.137209ms)
ℹ tests 136
ℹ suites 0
ℹ pass 135
ℹ fail 0
ℹ cancelled 0
ℹ skipped 1
ℹ todo 0
ℹ duration_ms 348.477041
