
> web@0.1.0 build
> next build

▲ Next.js 16.2.10 (Turbopack)
- Environments: .env.local, .env

  Creating an optimized production build ...
✓ Compiled successfully in 1202ms
  Running TypeScript ...
  Finished TypeScript in 2.2s ...
  Collecting page data using 11 workers ...
  Generating static pages using 11 workers (0/10) ...
  Generating static pages using 11 workers (2/10) 
  Generating static pages using 11 workers (4/10) 
  Generating static pages using 11 workers (7/10) 
✓ Generating static pages using 11 workers (10/10) in 232ms
  Finalizing page optimization ...

Route (app)
┌ ƒ /
├ ○ /_not-found
├ ƒ /api/health
├ ƒ /api/revalidate
├ ○ /icon
├ ƒ /matchup
├ ƒ /matchup/[gameId]
├ ○ /methodology
├ ○ /opengraph-image
├ ƒ /performance
├ ƒ /ratings
├ ƒ /results
└ ƒ /teams/[team]


○  (Static)   prerendered as static content
ƒ  (Dynamic)  server-rendered on demand

